[2026-09-26 17:34:09] [INFO]  ============================================================
[2026-09-26 17:34:09] [INFO]    Starting Automatic Omarchy Backup & Sync
[2026-09-26 17:34:09] [INFO]  ============================================================
[2026-09-26 17:34:09] [INFO]  Running state export...
============================================================
  Starting Omarchy Automated Backup / State Export
============================================================
==> Exporting official Arch Linux packages...
    Saved 81 packages to manifests/pacman-official.txt
==> Exporting foreign / AUR packages...
    Saved 5 AUR binary packages to manifests/aur-binaries.txt
==> Exporting editor extensions using codium...
    Saved 9 extensions to manifests/vscodium-extensions.txt
==> Exporting Omarchy shell plugins...
    Saved 15 plugins to manifests/omarchy-plugins.txt
==> Syncing custom configurations into config/...
    Synced ~/.config/hypr/bindings.lua
    Synced ~/.config/foot/foot.ini
    Synced ~/.config/starship.toml
============================================================
  Backup / Export Complete!
============================================================
[2026-09-26 17:34:10] [INFO]  Changes detected in system state/manifests. Creating commit...
[master 29f013e] Auto-backup on login (2026-09-26 17:34:10)
 13 files changed, 610 insertions(+), 84 deletions(-)
 create mode 100644 auto-backup.log
 create mode 100755 auto-backup.sh
 create mode 100644 config/foot/foot.ini
 create mode 100644 config/starship.toml
 create mode 100755 export.sh
[2026-09-26 17:34:11] [INFO]  Unpushed commits present. Waiting for network connectivity...
[2026-09-26 17:34:28] [INFO]  Network available. Pushing updates to remote repository...
To https://github.com/nikhilmaity00/omarchy-dotfiles.git
   ad00e45..29f013e  master -> master
[2026-09-26 17:34:30] [INFO]  Successfully pushed backup to remote repository (master).
[2026-09-26 17:34:30] [INFO]  ============================================================
[2026-09-26 17:34:30] [INFO]    Auto-Backup Complete
[2026-09-26 17:34:30] [INFO]  ============================================================
[2026-09-26 17:35:03] [INFO]  ============================================================
[2026-09-26 17:35:03] [INFO]    Starting Automatic Omarchy Backup & Sync
[2026-09-26 17:35:03] [INFO]  ============================================================
[2026-09-26 17:35:03] [INFO]  Running state export...
============================================================
  Starting Omarchy Automated Backup / State Export
============================================================
==> Exporting official Arch Linux packages...
    Saved 81 packages to manifests/pacman-official.txt
==> Exporting foreign / AUR packages...
    Saved 5 AUR binary packages to manifests/aur-binaries.txt
==> Exporting editor extensions using codium...
    Saved 9 extensions to manifests/vscodium-extensions.txt
==> Exporting Omarchy shell plugins...
    Saved 15 plugins to manifests/omarchy-plugins.txt
==> Syncing custom configurations into config/...
    Synced ~/.config/hypr/bindings.lua
    Synced ~/.config/foot/foot.ini
    Synced ~/.config/starship.toml
============================================================
  Backup / Export Complete!
============================================================
[2026-09-26 17:35:05] [INFO]  Changes detected in system state/manifests. Creating commit...
